../Drivers/STM32U5xx_HAL_Driver/Inc/stm32u5xx_ll_bus.h:845:22:LL_AHB2_GRP1_EnableClock	1
../Drivers/STM32U5xx_HAL_Driver/Inc/stm32u5xx_ll_bus.h:1895:22:LL_APB1_GRP2_EnableClock	1
../Core/Src/main.c:129:5:main	22
../Core/Src/main.c:287:6:SystemClock_Config	4
../Core/Src/main.c:345:13:SystemPower_Config	2
../Core/Src/main.c:365:13:MX_ADF1_Init	2
../Core/Src/main.c:419:13:MX_FDCAN1_Init	5
../Core/Src/main.c:506:13:MX_I2C2_Init	4
../Core/Src/main.c:554:13:MX_ICACHE_Init	3
../Core/Src/main.c:586:13:MX_OCTOSPI1_Init	4
../Core/Src/main.c:646:13:MX_OCTOSPI2_Init	4
../Core/Src/main.c:706:13:MX_SPI2_Init	3
../Core/Src/main.c:763:13:MX_UART4_Init	5
../Core/Src/main.c:811:13:MX_USART1_UART_Init	5
../Core/Src/main.c:859:13:MX_UCPD1_Init	1
../Core/Src/main.c:901:13:MX_USB_OTG_FS_PCD_Init	2
../Core/Src/main.c:937:13:MX_GPIO_Init	1
../Core/Src/main.c:1061:6:FDCAN_Send_Message	18
../Core/Src/main.c:1123:6:FDCAN_Receive_Message	1
../Core/Src/main.c:1145:6:FDCAN_Send_Test_Pattern	1
../Core/Src/main.c:1159:6:FDCAN_Send_Simple_CAN	3
../Core/Src/main.c:1202:6:FDCAN_Diagnostic_Test	5
../Core/Src/main.c:1245:6:HAL_FDCAN_RxFifo0Callback	2
../Core/Src/main.c:1260:6:Error_Handler	1
